PASS-M0WORD-BOUNDARY
PASS-M0WORD-CODOMAIN
PASS-M0WORD-ERASED-NEG
PASS-M0WORD-MODEL
PASS-M0WORD-MODEL-NEG-1
PASS-M0WORD-MODEL-NEG-2
PASS-M0WORD-NEG-BARE-20
PASS-M0WORD-NEG-EQ-AS-WORD
PASS-M0WORD-NEG-I16-RANGE
PASS-M0WORD-NEG-I32-RANGE
PASS-M0WORD-NEG-I64-RANGE
PASS-M0WORD-NEG-I8-RANGE
PASS-M0WORD-NEG-OPEN-SPINE
PASS-M0WORD-NEG-U16-RANGE
PASS-M0WORD-NEG-U32-RANGE
PASS-M0WORD-NEG-U64-RANGE
PASS-M0WORD-NEG-U8-RANGE
PASS-M0WORD-TOWER
PASS-M0WORD-WRAP-U8
